i am a test, hello
